// Jest Snapshot v1, https://goo.gl/fbAQLP

exports[`it should work 1`] = `
Object {
  "array": Array [
    1,
    2,
    3,
    Array [
      1,
      2,
      3,
      true,
      false,
      null,
    ],
  ],
  "function": Object {
    "_type": "invoker",
    "args": Array [
      Object {
        "_type": "prop",
        "path": "props.foo",
      },
      Object {
        "_type": "prop",
        "path": "props.bar",
      },
    ],
    "into": Object {
      "_type": "prop",
      "path": "myCustomFunction",
    },
  },
  "label": "My functional json",
  "nested": Object {
    "foo": Object {
      "bar": Object {
        "_type": "invoker",
        "args": Array [
          "lorem",
          Object {
            "_type": "invoker",
            "args": Array [
              Array [
                1,
                2,
                3,
              ],
            ],
            "into": Object {
              "_type": "prop",
              "path": "ipsum.dolor",
            },
          },
        ],
        "into": Object {
          "_type": "prop",
          "path": "baz",
        },
      },
    },
  },
}
`;
