// Vitest Snapshot v1, https://vitest.dev/guide/snapshot.html

exports[`it should work 1`] = `
{
  "array": [
    1,
    2,
    3,
    [
      1,
      2,
      3,
      true,
      false,
      null,
    ],
  ],
  "function": {
    "_type": "invoker",
    "args": [
      {
        "_type": "prop",
        "path": "props.foo",
      },
      {
        "_type": "prop",
        "path": "props.bar",
      },
    ],
    "into": {
      "_type": "prop",
      "path": "myCustomFunction",
    },
  },
  "label": "My functional json",
  "nested": {
    "foo": {
      "bar": {
        "_type": "invoker",
        "args": [
          "lorem",
          {
            "_type": "invoker",
            "args": [
              [
                1,
                2,
                3,
              ],
            ],
            "into": {
              "_type": "prop",
              "path": "ipsum.dolor",
            },
          },
        ],
        "into": {
          "_type": "prop",
          "path": "baz",
        },
      },
    },
  },
}
`;
